<!doctype html public "-//w3c//dtd html 4.0 transitional//en">
<html><head>
<title>Static Call Graph - [.\Output\MKE16Bootloader.axf]</title></head>
<body><HR>
<H1>Static Call Graph for image .\Output\MKE16Bootloader.axf</H1><HR>
<BR><P>#&#060CALLGRAPH&#062# ARM Linker, 5060422: Last Updated: Mon Nov 18 09:47:18 2019
<BR><P>
<H3>Maximum Stack Usage =        152 bytes + Unknown(Cycles, Untraceable Function Pointers)</H3><H3>
Call chain for Maximum Stack Depth:</H3>
main &rArr; BootHandle &rArr; AppUpgradeHandle &rArr; ZkPtlSetFrameData &rArr; ZkPtlLowlevelSendData &rArr; ZkPtlTransformFrame
<P>
<H3>
Mutually Recursive functions
</H3> <LI><a href="#[1]">NMI_Handler</a>&nbsp;&nbsp;&nbsp;&rArr;&nbsp;&nbsp;&nbsp;<a href="#[1]">NMI_Handler</a><BR>
 <LI><a href="#[2]">HardFault_Handler</a>&nbsp;&nbsp;&nbsp;&rArr;&nbsp;&nbsp;&nbsp;<a href="#[2]">HardFault_Handler</a><BR>
 <LI><a href="#[3]">SVC_Handler</a>&nbsp;&nbsp;&nbsp;&rArr;&nbsp;&nbsp;&nbsp;<a href="#[3]">SVC_Handler</a><BR>
 <LI><a href="#[4]">PendSV_Handler</a>&nbsp;&nbsp;&nbsp;&rArr;&nbsp;&nbsp;&nbsp;<a href="#[4]">PendSV_Handler</a><BR>
 <LI><a href="#[5]">SysTick_Handler</a>&nbsp;&nbsp;&nbsp;&rArr;&nbsp;&nbsp;&nbsp;<a href="#[5]">SysTick_Handler</a><BR>
</UL>
<P>
<H3>
Function Pointers
</H3><UL>
 <LI><a href="#[15]">ADC0_IRQHandler</a> from startup_mke16z4.o(.text) referenced from startup_mke16z4.o(RESET)
 <LI><a href="#[16]">CMP0_IRQHandler</a> from startup_mke16z4.o(.text) referenced from startup_mke16z4.o(RESET)
 <LI><a href="#[2f]">DefaultISR</a> from startup_mke16z4.o(.text) referenced from startup_mke16z4.o(.text)
 <LI><a href="#[b]">FTFA_IRQHandler</a> from startup_mke16z4.o(.text) referenced from startup_mke16z4.o(RESET)
 <LI><a href="#[17]">FTM0_IRQHandler</a> from startup_mke16z4.o(.text) referenced from startup_mke16z4.o(RESET)
 <LI><a href="#[18]">FTM1_IRQHandler</a> from startup_mke16z4.o(.text) referenced from startup_mke16z4.o(RESET)
 <LI><a href="#[2]">HardFault_Handler</a> from startup_mke16z4.o(.text) referenced from startup_mke16z4.o(RESET)
 <LI><a href="#[29]">LPI2C0_DriverIRQHandler</a> from startup_mke16z4.o(.text) referenced from startup_mke16z4.o(.text)
 <LI><a href="#[e]">LPI2C0_IRQHandler</a> from startup_mke16z4.o(.text) referenced from startup_mke16z4.o(RESET)
 <LI><a href="#[1c]">LPIT0_IRQHandler</a> from startup_mke16z4.o(.text) referenced from startup_mke16z4.o(RESET)
 <LI><a href="#[2a]">LPSPI0_DriverIRQHandler</a> from startup_mke16z4.o(.text) referenced from startup_mke16z4.o(.text)
 <LI><a href="#[10]">LPSPI0_IRQHandler</a> from startup_mke16z4.o(.text) referenced from startup_mke16z4.o(RESET)
 <LI><a href="#[2b]">LPUART0_DriverIRQHandler</a> from startup_mke16z4.o(.text) referenced from startup_mke16z4.o(.text)
 <LI><a href="#[12]">LPUART0_IRQHandler</a> from startup_mke16z4.o(.text) referenced from startup_mke16z4.o(RESET)
 <LI><a href="#[2c]">LPUART1_DriverIRQHandler</a> from startup_mke16z4.o(.text) referenced from startup_mke16z4.o(.text)
 <LI><a href="#[13]">LPUART1_IRQHandler</a> from drvuart.o(i.LPUART1_IRQHandler) referenced from startup_mke16z4.o(RESET)
 <LI><a href="#[2d]">LPUART2_DriverIRQHandler</a> from startup_mke16z4.o(.text) referenced from startup_mke16z4.o(.text)
 <LI><a href="#[14]">LPUART2_IRQHandler</a> from startup_mke16z4.o(.text) referenced from startup_mke16z4.o(RESET)
 <LI><a href="#[c]">LVD_LVW_IRQHandler</a> from startup_mke16z4.o(.text) referenced from startup_mke16z4.o(RESET)
 <LI><a href="#[2e]">MSCAN_DriverIRQHandler</a> from startup_mke16z4.o(.text) referenced from startup_mke16z4.o(.text)
 <LI><a href="#[25]">MSCAN_ORed_IRQHandler</a> from startup_mke16z4.o(.text) referenced from startup_mke16z4.o(RESET)
 <LI><a href="#[24]">MSCAN_Rx_IRQHandler</a> from startup_mke16z4.o(.text) referenced from startup_mke16z4.o(RESET)
 <LI><a href="#[1]">NMI_Handler</a> from startup_mke16z4.o(.text) referenced from startup_mke16z4.o(RESET)
 <LI><a href="#[1f]">PDB0_IRQHandler</a> from startup_mke16z4.o(.text) referenced from startup_mke16z4.o(RESET)
 <LI><a href="#[d]">PORTAE_IRQHandler</a> from startup_mke16z4.o(.text) referenced from startup_mke16z4.o(RESET)
 <LI><a href="#[20]">PORTBCD_IRQHandler</a> from startup_mke16z4.o(.text) referenced from startup_mke16z4.o(RESET)
 <LI><a href="#[23]">PWT_LPTMR0_IRQHandler</a> from drvtimer.o(i.PWT_LPTMR0_IRQHandler) referenced from startup_mke16z4.o(RESET)
 <LI><a href="#[4]">PendSV_Handler</a> from startup_mke16z4.o(.text) referenced from startup_mke16z4.o(RESET)
 <LI><a href="#[1a]">RTC_IRQHandler</a> from startup_mke16z4.o(.text) referenced from startup_mke16z4.o(RESET)
 <LI><a href="#[6]">Reserved16_IRQHandler</a> from startup_mke16z4.o(.text) referenced from startup_mke16z4.o(RESET)
 <LI><a href="#[7]">Reserved17_IRQHandler</a> from startup_mke16z4.o(.text) referenced from startup_mke16z4.o(RESET)
 <LI><a href="#[8]">Reserved18_IRQHandler</a> from startup_mke16z4.o(.text) referenced from startup_mke16z4.o(RESET)
 <LI><a href="#[9]">Reserved19_IRQHandler</a> from startup_mke16z4.o(.text) referenced from startup_mke16z4.o(RESET)
 <LI><a href="#[a]">Reserved20_IRQHandler</a> from startup_mke16z4.o(.text) referenced from startup_mke16z4.o(RESET)
 <LI><a href="#[f]">Reserved25_IRQHandler</a> from startup_mke16z4.o(.text) referenced from startup_mke16z4.o(RESET)
 <LI><a href="#[11]">Reserved27_IRQHandler</a> from startup_mke16z4.o(.text) referenced from startup_mke16z4.o(RESET)
 <LI><a href="#[19]">Reserved35_IRQHandler</a> from startup_mke16z4.o(.text) referenced from startup_mke16z4.o(RESET)
 <LI><a href="#[1b]">Reserved37_IRQHandler</a> from startup_mke16z4.o(.text) referenced from startup_mke16z4.o(RESET)
 <LI><a href="#[1d]">Reserved39_IRQHandler</a> from startup_mke16z4.o(.text) referenced from startup_mke16z4.o(RESET)
 <LI><a href="#[0]">Reset_Handler</a> from startup_mke16z4.o(.text) referenced from startup_mke16z4.o(RESET)
 <LI><a href="#[21]">SCG_RCM_IRQHandler</a> from startup_mke16z4.o(.text) referenced from startup_mke16z4.o(RESET)
 <LI><a href="#[3]">SVC_Handler</a> from startup_mke16z4.o(.text) referenced from startup_mke16z4.o(RESET)
 <LI><a href="#[5]">SysTick_Handler</a> from startup_mke16z4.o(.text) referenced from startup_mke16z4.o(RESET)
 <LI><a href="#[27]">SystemSetup</a> from system.o(i.SystemSetup) referenced from startup_mke16z4.o(.text)
 <LI><a href="#[1e]">TSI_IRQHandler</a> from startup_mke16z4.o(.text) referenced from startup_mke16z4.o(RESET)
 <LI><a href="#[22]">WDOG_EWM_IRQHandler</a> from startup_mke16z4.o(.text) referenced from startup_mke16z4.o(RESET)
 <LI><a href="#[28]">__main</a> from entry.o(.ARM.Collect$$$$00000000) referenced from startup_mke16z4.o(.text)
 <LI><a href="#[26]">main</a> from main.o(i.main) referenced from entry9a.o(.ARM.Collect$$$$0000000B)
</UL>
<P>
<H3>
Global Symbols
</H3>
<P><STRONG><a name="[28]"></a>__main</STRONG> (Thumb, 0 bytes, Stack size unknown bytes, entry.o(.ARM.Collect$$$$00000000))
<BR>[Address Reference Count : 1]<UL><LI> startup_mke16z4.o(.text)
</UL>
<P><STRONG><a name="[62]"></a>_main_stk</STRONG> (Thumb, 0 bytes, Stack size unknown bytes, entry4.o(.ARM.Collect$$$$00000003))

<P><STRONG><a name="[30]"></a>_main_scatterload</STRONG> (Thumb, 0 bytes, Stack size unknown bytes, entry5.o(.ARM.Collect$$$$00000004))
<BR><BR>[Calls]<UL><LI><a href="#[31]">&gt;&gt;</a>&nbsp;&nbsp;&nbsp;__scatterload
</UL>

<P><STRONG><a name="[32]"></a>__main_after_scatterload</STRONG> (Thumb, 0 bytes, Stack size unknown bytes, entry5.o(.ARM.Collect$$$$00000004))
<BR><BR>[Called By]<UL><LI><a href="#[31]">&gt;&gt;</a>&nbsp;&nbsp;&nbsp;__scatterload
</UL>

<P><STRONG><a name="[63]"></a>_main_clock</STRONG> (Thumb, 0 bytes, Stack size unknown bytes, entry7b.o(.ARM.Collect$$$$00000008))

<P><STRONG><a name="[64]"></a>_main_cpp_init</STRONG> (Thumb, 0 bytes, Stack size unknown bytes, entry8b.o(.ARM.Collect$$$$0000000A))

<P><STRONG><a name="[65]"></a>_main_init</STRONG> (Thumb, 0 bytes, Stack size unknown bytes, entry9a.o(.ARM.Collect$$$$0000000B))

<P><STRONG><a name="[66]"></a>__rt_final_cpp</STRONG> (Thumb, 0 bytes, Stack size unknown bytes, entry10a.o(.ARM.Collect$$$$0000000D))

<P><STRONG><a name="[67]"></a>__rt_final_exit</STRONG> (Thumb, 0 bytes, Stack size unknown bytes, entry11a.o(.ARM.Collect$$$$0000000F))

<P><STRONG><a name="[0]"></a>Reset_Handler</STRONG> (Thumb, 24 bytes, Stack size 0 bytes, startup_mke16z4.o(.text))
<BR>[Address Reference Count : 1]<UL><LI> startup_mke16z4.o(RESET)
</UL>
<P><STRONG><a name="[1]"></a>NMI_Handler</STRONG> (Thumb, 2 bytes, Stack size 0 bytes, startup_mke16z4.o(.text))
<BR><BR>[Calls]<UL><LI><a href="#[1]">&gt;&gt;</a>&nbsp;&nbsp;&nbsp;NMI_Handler
</UL>
<BR>[Called By]<UL><LI><a href="#[1]">&gt;&gt;</a>&nbsp;&nbsp;&nbsp;NMI_Handler
</UL>
<BR>[Address Reference Count : 1]<UL><LI> startup_mke16z4.o(RESET)
</UL>
<P><STRONG><a name="[2]"></a>HardFault_Handler</STRONG> (Thumb, 2 bytes, Stack size 0 bytes, startup_mke16z4.o(.text))
<BR><BR>[Calls]<UL><LI><a href="#[2]">&gt;&gt;</a>&nbsp;&nbsp;&nbsp;HardFault_Handler
</UL>
<BR>[Called By]<UL><LI><a href="#[2]">&gt;&gt;</a>&nbsp;&nbsp;&nbsp;HardFault_Handler
</UL>
<BR>[Address Reference Count : 1]<UL><LI> startup_mke16z4.o(RESET)
</UL>
<P><STRONG><a name="[3]"></a>SVC_Handler</STRONG> (Thumb, 2 bytes, Stack size 0 bytes, startup_mke16z4.o(.text))
<BR><BR>[Calls]<UL><LI><a href="#[3]">&gt;&gt;</a>&nbsp;&nbsp;&nbsp;SVC_Handler
</UL>
<BR>[Called By]<UL><LI><a href="#[3]">&gt;&gt;</a>&nbsp;&nbsp;&nbsp;SVC_Handler
</UL>
<BR>[Address Reference Count : 1]<UL><LI> startup_mke16z4.o(RESET)
</UL>
<P><STRONG><a name="[4]"></a>PendSV_Handler</STRONG> (Thumb, 2 bytes, Stack size 0 bytes, startup_mke16z4.o(.text))
<BR><BR>[Calls]<UL><LI><a href="#[4]">&gt;&gt;</a>&nbsp;&nbsp;&nbsp;PendSV_Handler
</UL>
<BR>[Called By]<UL><LI><a href="#[4]">&gt;&gt;</a>&nbsp;&nbsp;&nbsp;PendSV_Handler
</UL>
<BR>[Address Reference Count : 1]<UL><LI> startup_mke16z4.o(RESET)
</UL>
<P><STRONG><a name="[5]"></a>SysTick_Handler</STRONG> (Thumb, 2 bytes, Stack size 0 bytes, startup_mke16z4.o(.text))
<BR><BR>[Calls]<UL><LI><a href="#[5]">&gt;&gt;</a>&nbsp;&nbsp;&nbsp;SysTick_Handler
</UL>
<BR>[Called By]<UL><LI><a href="#[5]">&gt;&gt;</a>&nbsp;&nbsp;&nbsp;SysTick_Handler
</UL>
<BR>[Address Reference Count : 1]<UL><LI> startup_mke16z4.o(RESET)
</UL>
<P><STRONG><a name="[e]"></a>LPI2C0_IRQHandler</STRONG> (Thumb, 4 bytes, Stack size 0 bytes, startup_mke16z4.o(.text))
<BR>[Address Reference Count : 1]<UL><LI> startup_mke16z4.o(RESET)
</UL>
<P><STRONG><a name="[10]"></a>LPSPI0_IRQHandler</STRONG> (Thumb, 4 bytes, Stack size 0 bytes, startup_mke16z4.o(.text))
<BR>[Address Reference Count : 1]<UL><LI> startup_mke16z4.o(RESET)
</UL>
<P><STRONG><a name="[12]"></a>LPUART0_IRQHandler</STRONG> (Thumb, 4 bytes, Stack size 0 bytes, startup_mke16z4.o(.text))
<BR>[Address Reference Count : 1]<UL><LI> startup_mke16z4.o(RESET)
</UL>
<P><STRONG><a name="[14]"></a>LPUART2_IRQHandler</STRONG> (Thumb, 4 bytes, Stack size 0 bytes, startup_mke16z4.o(.text))
<BR>[Address Reference Count : 1]<UL><LI> startup_mke16z4.o(RESET)
</UL>
<P><STRONG><a name="[24]"></a>MSCAN_Rx_IRQHandler</STRONG> (Thumb, 4 bytes, Stack size 0 bytes, startup_mke16z4.o(.text))
<BR>[Address Reference Count : 1]<UL><LI> startup_mke16z4.o(RESET)
</UL>
<P><STRONG><a name="[25]"></a>MSCAN_ORed_IRQHandler</STRONG> (Thumb, 4 bytes, Stack size 0 bytes, startup_mke16z4.o(.text))
<BR>[Address Reference Count : 1]<UL><LI> startup_mke16z4.o(RESET)
</UL>
<P><STRONG><a name="[15]"></a>ADC0_IRQHandler</STRONG> (Thumb, 0 bytes, Stack size 0 bytes, startup_mke16z4.o(.text))
<BR>[Address Reference Count : 1]<UL><LI> startup_mke16z4.o(RESET)
</UL>
<P><STRONG><a name="[16]"></a>CMP0_IRQHandler</STRONG> (Thumb, 0 bytes, Stack size 0 bytes, startup_mke16z4.o(.text))
<BR>[Address Reference Count : 1]<UL><LI> startup_mke16z4.o(RESET)
</UL>
<P><STRONG><a name="[2f]"></a>DefaultISR</STRONG> (Thumb, 0 bytes, Stack size 0 bytes, startup_mke16z4.o(.text))
<BR>[Address Reference Count : 1]<UL><LI> startup_mke16z4.o(.text)
</UL>
<P><STRONG><a name="[b]"></a>FTFA_IRQHandler</STRONG> (Thumb, 0 bytes, Stack size 0 bytes, startup_mke16z4.o(.text))
<BR>[Address Reference Count : 1]<UL><LI> startup_mke16z4.o(RESET)
</UL>
<P><STRONG><a name="[17]"></a>FTM0_IRQHandler</STRONG> (Thumb, 0 bytes, Stack size 0 bytes, startup_mke16z4.o(.text))
<BR>[Address Reference Count : 1]<UL><LI> startup_mke16z4.o(RESET)
</UL>
<P><STRONG><a name="[18]"></a>FTM1_IRQHandler</STRONG> (Thumb, 0 bytes, Stack size 0 bytes, startup_mke16z4.o(.text))
<BR>[Address Reference Count : 1]<UL><LI> startup_mke16z4.o(RESET)
</UL>
<P><STRONG><a name="[29]"></a>LPI2C0_DriverIRQHandler</STRONG> (Thumb, 0 bytes, Stack size 0 bytes, startup_mke16z4.o(.text))
<BR>[Address Reference Count : 1]<UL><LI> startup_mke16z4.o(.text)
</UL>
<P><STRONG><a name="[1c]"></a>LPIT0_IRQHandler</STRONG> (Thumb, 0 bytes, Stack size 0 bytes, startup_mke16z4.o(.text))
<BR>[Address Reference Count : 1]<UL><LI> startup_mke16z4.o(RESET)
</UL>
<P><STRONG><a name="[2a]"></a>LPSPI0_DriverIRQHandler</STRONG> (Thumb, 0 bytes, Stack size 0 bytes, startup_mke16z4.o(.text))
<BR>[Address Reference Count : 1]<UL><LI> startup_mke16z4.o(.text)
</UL>
<P><STRONG><a name="[2b]"></a>LPUART0_DriverIRQHandler</STRONG> (Thumb, 0 bytes, Stack size 0 bytes, startup_mke16z4.o(.text))
<BR>[Address Reference Count : 1]<UL><LI> startup_mke16z4.o(.text)
</UL>
<P><STRONG><a name="[2c]"></a>LPUART1_DriverIRQHandler</STRONG> (Thumb, 0 bytes, Stack size 0 bytes, startup_mke16z4.o(.text))
<BR>[Address Reference Count : 1]<UL><LI> startup_mke16z4.o(.text)
</UL>
<P><STRONG><a name="[2d]"></a>LPUART2_DriverIRQHandler</STRONG> (Thumb, 0 bytes, Stack size 0 bytes, startup_mke16z4.o(.text))
<BR>[Address Reference Count : 1]<UL><LI> startup_mke16z4.o(.text)
</UL>
<P><STRONG><a name="[c]"></a>LVD_LVW_IRQHandler</STRONG> (Thumb, 0 bytes, Stack size 0 bytes, startup_mke16z4.o(.text))
<BR>[Address Reference Count : 1]<UL><LI> startup_mke16z4.o(RESET)
</UL>
<P><STRONG><a name="[2e]"></a>MSCAN_DriverIRQHandler</STRONG> (Thumb, 0 bytes, Stack size 0 bytes, startup_mke16z4.o(.text))
<BR>[Address Reference Count : 1]<UL><LI> startup_mke16z4.o(.text)
</UL>
<P><STRONG><a name="[1f]"></a>PDB0_IRQHandler</STRONG> (Thumb, 0 bytes, Stack size 0 bytes, startup_mke16z4.o(.text))
<BR>[Address Reference Count : 1]<UL><LI> startup_mke16z4.o(RESET)
</UL>
<P><STRONG><a name="[d]"></a>PORTAE_IRQHandler</STRONG> (Thumb, 0 bytes, Stack size 0 bytes, startup_mke16z4.o(.text))
<BR>[Address Reference Count : 1]<UL><LI> startup_mke16z4.o(RESET)
</UL>
<P><STRONG><a name="[20]"></a>PORTBCD_IRQHandler</STRONG> (Thumb, 0 bytes, Stack size 0 bytes, startup_mke16z4.o(.text))
<BR>[Address Reference Count : 1]<UL><LI> startup_mke16z4.o(RESET)
</UL>
<P><STRONG><a name="[1a]"></a>RTC_IRQHandler</STRONG> (Thumb, 0 bytes, Stack size 0 bytes, startup_mke16z4.o(.text))
<BR>[Address Reference Count : 1]<UL><LI> startup_mke16z4.o(RESET)
</UL>
<P><STRONG><a name="[6]"></a>Reserved16_IRQHandler</STRONG> (Thumb, 0 bytes, Stack size 0 bytes, startup_mke16z4.o(.text))
<BR>[Address Reference Count : 1]<UL><LI> startup_mke16z4.o(RESET)
</UL>
<P><STRONG><a name="[7]"></a>Reserved17_IRQHandler</STRONG> (Thumb, 0 bytes, Stack size 0 bytes, startup_mke16z4.o(.text))
<BR>[Address Reference Count : 1]<UL><LI> startup_mke16z4.o(RESET)
</UL>
<P><STRONG><a name="[8]"></a>Reserved18_IRQHandler</STRONG> (Thumb, 0 bytes, Stack size 0 bytes, startup_mke16z4.o(.text))
<BR>[Address Reference Count : 1]<UL><LI> startup_mke16z4.o(RESET)
</UL>
<P><STRONG><a name="[9]"></a>Reserved19_IRQHandler</STRONG> (Thumb, 0 bytes, Stack size 0 bytes, startup_mke16z4.o(.text))
<BR>[Address Reference Count : 1]<UL><LI> startup_mke16z4.o(RESET)
</UL>
<P><STRONG><a name="[a]"></a>Reserved20_IRQHandler</STRONG> (Thumb, 0 bytes, Stack size 0 bytes, startup_mke16z4.o(.text))
<BR>[Address Reference Count : 1]<UL><LI> startup_mke16z4.o(RESET)
</UL>
<P><STRONG><a name="[f]"></a>Reserved25_IRQHandler</STRONG> (Thumb, 0 bytes, Stack size 0 bytes, startup_mke16z4.o(.text))
<BR>[Address Reference Count : 1]<UL><LI> startup_mke16z4.o(RESET)
</UL>
<P><STRONG><a name="[11]"></a>Reserved27_IRQHandler</STRONG> (Thumb, 0 bytes, Stack size 0 bytes, startup_mke16z4.o(.text))
<BR>[Address Reference Count : 1]<UL><LI> startup_mke16z4.o(RESET)
</UL>
<P><STRONG><a name="[19]"></a>Reserved35_IRQHandler</STRONG> (Thumb, 0 bytes, Stack size 0 bytes, startup_mke16z4.o(.text))
<BR>[Address Reference Count : 1]<UL><LI> startup_mke16z4.o(RESET)
</UL>
<P><STRONG><a name="[1b]"></a>Reserved37_IRQHandler</STRONG> (Thumb, 0 bytes, Stack size 0 bytes, startup_mke16z4.o(.text))
<BR>[Address Reference Count : 1]<UL><LI> startup_mke16z4.o(RESET)
</UL>
<P><STRONG><a name="[1d]"></a>Reserved39_IRQHandler</STRONG> (Thumb, 0 bytes, Stack size 0 bytes, startup_mke16z4.o(.text))
<BR>[Address Reference Count : 1]<UL><LI> startup_mke16z4.o(RESET)
</UL>
<P><STRONG><a name="[21]"></a>SCG_RCM_IRQHandler</STRONG> (Thumb, 0 bytes, Stack size 0 bytes, startup_mke16z4.o(.text))
<BR>[Address Reference Count : 1]<UL><LI> startup_mke16z4.o(RESET)
</UL>
<P><STRONG><a name="[1e]"></a>TSI_IRQHandler</STRONG> (Thumb, 0 bytes, Stack size 0 bytes, startup_mke16z4.o(.text))
<BR>[Address Reference Count : 1]<UL><LI> startup_mke16z4.o(RESET)
</UL>
<P><STRONG><a name="[22]"></a>WDOG_EWM_IRQHandler</STRONG> (Thumb, 0 bytes, Stack size 0 bytes, startup_mke16z4.o(.text))
<BR>[Address Reference Count : 1]<UL><LI> startup_mke16z4.o(RESET)
</UL>
<P><STRONG><a name="[68]"></a>__aeabi_uidiv</STRONG> (Thumb, 0 bytes, Stack size 12 bytes, uidiv.o(.text), UNUSED)

<P><STRONG><a name="[61]"></a>__aeabi_uidivmod</STRONG> (Thumb, 44 bytes, Stack size 12 bytes, uidiv.o(.text))
<BR><BR>[Stack]<UL><LI>Max Depth = 12<LI>Call Chain = __aeabi_uidivmod
</UL>
<BR>[Called By]<UL><LI><a href="#[4d]">&gt;&gt;</a>&nbsp;&nbsp;&nbsp;setModuloBaudRate
</UL>

<P><STRONG><a name="[31]"></a>__scatterload</STRONG> (Thumb, 28 bytes, Stack size 0 bytes, init.o(.text))
<BR><BR>[Calls]<UL><LI><a href="#[32]">&gt;&gt;</a>&nbsp;&nbsp;&nbsp;__main_after_scatterload
</UL>
<BR>[Called By]<UL><LI><a href="#[30]">&gt;&gt;</a>&nbsp;&nbsp;&nbsp;_main_scatterload
</UL>

<P><STRONG><a name="[69]"></a>__scatterload_rt2</STRONG> (Thumb, 0 bytes, Stack size 0 bytes, init.o(.text), UNUSED)

<P><STRONG><a name="[33]"></a>AppConfigHandle</STRONG> (Thumb, 204 bytes, Stack size 72 bytes, appconfig.o(i.AppConfigHandle))
<BR><BR>[Stack]<UL><LI>Max Depth = 136<LI>Call Chain = AppConfigHandle &rArr; ZkPtlSetFrameData &rArr; ZkPtlLowlevelSendData &rArr; ZkPtlTransformFrame
</UL>
<BR>[Calls]<UL><LI><a href="#[37]">&gt;&gt;</a>&nbsp;&nbsp;&nbsp;DrvFlashEraseSector
<LI><a href="#[36]">&gt;&gt;</a>&nbsp;&nbsp;&nbsp;DrvFlashBlock64Write
<LI><a href="#[34]">&gt;&gt;</a>&nbsp;&nbsp;&nbsp;ZkPtlCopyFrameData
<LI><a href="#[38]">&gt;&gt;</a>&nbsp;&nbsp;&nbsp;ZkPtlSetFrameData
<LI><a href="#[35]">&gt;&gt;</a>&nbsp;&nbsp;&nbsp;ZkMemCpy
</UL>
<BR>[Called By]<UL><LI><a href="#[3e]">&gt;&gt;</a>&nbsp;&nbsp;&nbsp;BootHandle
</UL>

<P><STRONG><a name="[39]"></a>AppDataErase</STRONG> (Thumb, 22 bytes, Stack size 8 bytes, appupgrade.o(i.AppDataErase))
<BR><BR>[Stack]<UL><LI>Max Depth = 20<LI>Call Chain = AppDataErase &rArr; DrvFlashEraseSector
</UL>
<BR>[Calls]<UL><LI><a href="#[37]">&gt;&gt;</a>&nbsp;&nbsp;&nbsp;DrvFlashEraseSector
</UL>
<BR>[Called By]<UL><LI><a href="#[3b]">&gt;&gt;</a>&nbsp;&nbsp;&nbsp;AppUpgradeHandle
</UL>

<P><STRONG><a name="[37]"></a>DrvFlashEraseSector</STRONG> (Thumb, 38 bytes, Stack size 12 bytes, drvflash.o(i.DrvFlashEraseSector))
<BR><BR>[Stack]<UL><LI>Max Depth = 12<LI>Call Chain = DrvFlashEraseSector
</UL>
<BR>[Calls]<UL><LI><a href="#[3a]">&gt;&gt;</a>&nbsp;&nbsp;&nbsp;FlashCommandSequence
</UL>
<BR>[Called By]<UL><LI><a href="#[39]">&gt;&gt;</a>&nbsp;&nbsp;&nbsp;AppDataErase
<LI><a href="#[3c]">&gt;&gt;</a>&nbsp;&nbsp;&nbsp;FixConfigModify
<LI><a href="#[33]">&gt;&gt;</a>&nbsp;&nbsp;&nbsp;AppConfigHandle
</UL>

<P><STRONG><a name="[3b]"></a>AppUpgradeHandle</STRONG> (Thumb, 666 bytes, Stack size 80 bytes, appupgrade.o(i.AppUpgradeHandle))
<BR><BR>[Stack]<UL><LI>Max Depth = 144<LI>Call Chain = AppUpgradeHandle &rArr; ZkPtlSetFrameData &rArr; ZkPtlLowlevelSendData &rArr; ZkPtlTransformFrame
</UL>
<BR>[Calls]<UL><LI><a href="#[3d]">&gt;&gt;</a>&nbsp;&nbsp;&nbsp;DrvTickDelayMs
<LI><a href="#[39]">&gt;&gt;</a>&nbsp;&nbsp;&nbsp;AppDataErase
<LI><a href="#[36]">&gt;&gt;</a>&nbsp;&nbsp;&nbsp;DrvFlashBlock64Write
<LI><a href="#[34]">&gt;&gt;</a>&nbsp;&nbsp;&nbsp;ZkPtlCopyFrameData
<LI><a href="#[38]">&gt;&gt;</a>&nbsp;&nbsp;&nbsp;ZkPtlSetFrameData
<LI><a href="#[35]">&gt;&gt;</a>&nbsp;&nbsp;&nbsp;ZkMemCpy
<LI><a href="#[3c]">&gt;&gt;</a>&nbsp;&nbsp;&nbsp;FixConfigModify
</UL>
<BR>[Called By]<UL><LI><a href="#[3e]">&gt;&gt;</a>&nbsp;&nbsp;&nbsp;BootHandle
</UL>

<P><STRONG><a name="[3e]"></a>BootHandle</STRONG> (Thumb, 52 bytes, Stack size 8 bytes, boot.o(i.BootHandle))
<BR><BR>[Stack]<UL><LI>Max Depth = 152<LI>Call Chain = BootHandle &rArr; AppUpgradeHandle &rArr; ZkPtlSetFrameData &rArr; ZkPtlLowlevelSendData &rArr; ZkPtlTransformFrame
</UL>
<BR>[Calls]<UL><LI><a href="#[40]">&gt;&gt;</a>&nbsp;&nbsp;&nbsp;ZkPtlMonitor
<LI><a href="#[41]">&gt;&gt;</a>&nbsp;&nbsp;&nbsp;SoftTagInfoHandle
<LI><a href="#[3b]">&gt;&gt;</a>&nbsp;&nbsp;&nbsp;AppUpgradeHandle
<LI><a href="#[33]">&gt;&gt;</a>&nbsp;&nbsp;&nbsp;AppConfigHandle
<LI><a href="#[3f]">&gt;&gt;</a>&nbsp;&nbsp;&nbsp;BootReportProgramError
</UL>
<BR>[Called By]<UL><LI><a href="#[26]">&gt;&gt;</a>&nbsp;&nbsp;&nbsp;main
</UL>

<P><STRONG><a name="[42]"></a>BootInit</STRONG> (Thumb, 70 bytes, Stack size 16 bytes, boot.o(i.BootInit))
<BR><BR>[Stack]<UL><LI>Max Depth = 60<LI>Call Chain = BootInit &rArr; FixConfigModify &rArr; ZkMemCpy
</UL>
<BR>[Calls]<UL><LI><a href="#[35]">&gt;&gt;</a>&nbsp;&nbsp;&nbsp;ZkMemCpy
<LI><a href="#[44]">&gt;&gt;</a>&nbsp;&nbsp;&nbsp;JumpToApplication
<LI><a href="#[3c]">&gt;&gt;</a>&nbsp;&nbsp;&nbsp;FixConfigModify
<LI><a href="#[43]">&gt;&gt;</a>&nbsp;&nbsp;&nbsp;FactoryInitializationCheck
</UL>
<BR>[Called By]<UL><LI><a href="#[54]">&gt;&gt;</a>&nbsp;&nbsp;&nbsp;SoftwareInit
</UL>

<P><STRONG><a name="[3f]"></a>BootReportProgramError</STRONG> (Thumb, 60 bytes, Stack size 80 bytes, boot.o(i.BootReportProgramError))
<BR><BR>[Stack]<UL><LI>Max Depth = 144<LI>Call Chain = BootReportProgramError &rArr; ZkPtlSetFrameData &rArr; ZkPtlLowlevelSendData &rArr; ZkPtlTransformFrame
</UL>
<BR>[Calls]<UL><LI><a href="#[38]">&gt;&gt;</a>&nbsp;&nbsp;&nbsp;ZkPtlSetFrameData
<LI><a href="#[45]">&gt;&gt;</a>&nbsp;&nbsp;&nbsp;DrvGetTimerMsTick
</UL>
<BR>[Called By]<UL><LI><a href="#[3e]">&gt;&gt;</a>&nbsp;&nbsp;&nbsp;BootHandle
</UL>

<P><STRONG><a name="[36]"></a>DrvFlashBlock64Write</STRONG> (Thumb, 66 bytes, Stack size 20 bytes, drvflash.o(i.DrvFlashBlock64Write))
<BR><BR>[Stack]<UL><LI>Max Depth = 32<LI>Call Chain = DrvFlashBlock64Write &rArr; DrvFlashWriteLongWord
</UL>
<BR>[Calls]<UL><LI><a href="#[46]">&gt;&gt;</a>&nbsp;&nbsp;&nbsp;DrvFlashWriteLongWord
</UL>
<BR>[Called By]<UL><LI><a href="#[3b]">&gt;&gt;</a>&nbsp;&nbsp;&nbsp;AppUpgradeHandle
<LI><a href="#[33]">&gt;&gt;</a>&nbsp;&nbsp;&nbsp;AppConfigHandle
</UL>

<P><STRONG><a name="[46]"></a>DrvFlashWriteLongWord</STRONG> (Thumb, 32 bytes, Stack size 12 bytes, drvflash.o(i.DrvFlashWriteLongWord))
<BR><BR>[Stack]<UL><LI>Max Depth = 12<LI>Call Chain = DrvFlashWriteLongWord
</UL>
<BR>[Calls]<UL><LI><a href="#[3a]">&gt;&gt;</a>&nbsp;&nbsp;&nbsp;FlashCommandSequence
</UL>
<BR>[Called By]<UL><LI><a href="#[36]">&gt;&gt;</a>&nbsp;&nbsp;&nbsp;DrvFlashBlock64Write
<LI><a href="#[3c]">&gt;&gt;</a>&nbsp;&nbsp;&nbsp;FixConfigModify
</UL>

<P><STRONG><a name="[45]"></a>DrvGetTimerMsTick</STRONG> (Thumb, 6 bytes, Stack size 0 bytes, drvtimer.o(i.DrvGetTimerMsTick))
<BR><BR>[Called By]<UL><LI><a href="#[3f]">&gt;&gt;</a>&nbsp;&nbsp;&nbsp;BootReportProgramError
</UL>

<P><STRONG><a name="[4b]"></a>DrvGpioSetPinMux</STRONG> (Thumb, 30 bytes, Stack size 16 bytes, drvgpio.o(i.DrvGpioSetPinMux))
<BR><BR>[Stack]<UL><LI>Max Depth = 16<LI>Call Chain = DrvGpioSetPinMux
</UL>
<BR>[Called By]<UL><LI><a href="#[4a]">&gt;&gt;</a>&nbsp;&nbsp;&nbsp;DrvUartInit
</UL>

<P><STRONG><a name="[3d]"></a>DrvTickDelayMs</STRONG> (Thumb, 20 bytes, Stack size 0 bytes, drvtimer.o(i.DrvTickDelayMs))
<BR><BR>[Called By]<UL><LI><a href="#[3b]">&gt;&gt;</a>&nbsp;&nbsp;&nbsp;AppUpgradeHandle
</UL>

<P><STRONG><a name="[51]"></a>DrvTimerDeinit</STRONG> (Thumb, 84 bytes, Stack size 0 bytes, drvtimer.o(i.DrvTimerDeinit))
<BR><BR>[Called By]<UL><LI><a href="#[44]">&gt;&gt;</a>&nbsp;&nbsp;&nbsp;JumpToApplication
</UL>

<P><STRONG><a name="[47]"></a>DrvTimerInit</STRONG> (Thumb, 90 bytes, Stack size 8 bytes, drvtimer.o(i.DrvTimerInit))
<BR><BR>[Stack]<UL><LI>Max Depth = 16<LI>Call Chain = DrvTimerInit &rArr; __NVIC_SetPriority
</UL>
<BR>[Calls]<UL><LI><a href="#[49]">&gt;&gt;</a>&nbsp;&nbsp;&nbsp;__NVIC_SetPriority
<LI><a href="#[48]">&gt;&gt;</a>&nbsp;&nbsp;&nbsp;PeripheralClockEnable
</UL>
<BR>[Called By]<UL><LI><a href="#[50]">&gt;&gt;</a>&nbsp;&nbsp;&nbsp;HardwareInit
</UL>

<P><STRONG><a name="[52]"></a>DrvUartDeinit</STRONG> (Thumb, 124 bytes, Stack size 8 bytes, drvuart.o(i.DrvUartDeinit))
<BR><BR>[Stack]<UL><LI>Max Depth = 8<LI>Call Chain = DrvUartDeinit
</UL>
<BR>[Called By]<UL><LI><a href="#[44]">&gt;&gt;</a>&nbsp;&nbsp;&nbsp;JumpToApplication
</UL>

<P><STRONG><a name="[4a]"></a>DrvUartInit</STRONG> (Thumb, 182 bytes, Stack size 8 bytes, drvuart.o(i.DrvUartInit))
<BR><BR>[Stack]<UL><LI>Max Depth = 76<LI>Call Chain = DrvUartInit &rArr; setModuloBaudRate &rArr; __aeabi_uidivmod
</UL>
<BR>[Calls]<UL><LI><a href="#[4b]">&gt;&gt;</a>&nbsp;&nbsp;&nbsp;DrvGpioSetPinMux
<LI><a href="#[4d]">&gt;&gt;</a>&nbsp;&nbsp;&nbsp;setModuloBaudRate
<LI><a href="#[4e]">&gt;&gt;</a>&nbsp;&nbsp;&nbsp;__NVIC_SetPriority
<LI><a href="#[4c]">&gt;&gt;</a>&nbsp;&nbsp;&nbsp;PeripheralClockSrcSelect
<LI><a href="#[48]">&gt;&gt;</a>&nbsp;&nbsp;&nbsp;PeripheralClockEnable
</UL>
<BR>[Called By]<UL><LI><a href="#[50]">&gt;&gt;</a>&nbsp;&nbsp;&nbsp;HardwareInit
</UL>

<P><STRONG><a name="[43]"></a>FactoryInitializationCheck</STRONG> (Thumb, 48 bytes, Stack size 16 bytes, boot.o(i.FactoryInitializationCheck))
<BR><BR>[Stack]<UL><LI>Max Depth = 28<LI>Call Chain = FactoryInitializationCheck &rArr; ZkChkVrifi
</UL>
<BR>[Calls]<UL><LI><a href="#[4f]">&gt;&gt;</a>&nbsp;&nbsp;&nbsp;ZkChkVrifi
</UL>
<BR>[Called By]<UL><LI><a href="#[42]">&gt;&gt;</a>&nbsp;&nbsp;&nbsp;BootInit
</UL>

<P><STRONG><a name="[3c]"></a>FixConfigModify</STRONG> (Thumb, 64 bytes, Stack size 24 bytes, appconfig.o(i.FixConfigModify))
<BR><BR>[Stack]<UL><LI>Max Depth = 44<LI>Call Chain = FixConfigModify &rArr; ZkMemCpy
</UL>
<BR>[Calls]<UL><LI><a href="#[46]">&gt;&gt;</a>&nbsp;&nbsp;&nbsp;DrvFlashWriteLongWord
<LI><a href="#[37]">&gt;&gt;</a>&nbsp;&nbsp;&nbsp;DrvFlashEraseSector
<LI><a href="#[35]">&gt;&gt;</a>&nbsp;&nbsp;&nbsp;ZkMemCpy
</UL>
<BR>[Called By]<UL><LI><a href="#[3b]">&gt;&gt;</a>&nbsp;&nbsp;&nbsp;AppUpgradeHandle
<LI><a href="#[42]">&gt;&gt;</a>&nbsp;&nbsp;&nbsp;BootInit
</UL>

<P><STRONG><a name="[3a]"></a>FlashCommandSequence</STRONG> (Thumb, 74 bytes, Stack size 0 bytes, drvflash.o(i.FlashCommandSequence))
<BR><BR>[Called By]<UL><LI><a href="#[46]">&gt;&gt;</a>&nbsp;&nbsp;&nbsp;DrvFlashWriteLongWord
<LI><a href="#[37]">&gt;&gt;</a>&nbsp;&nbsp;&nbsp;DrvFlashEraseSector
</UL>

<P><STRONG><a name="[50]"></a>HardwareInit</STRONG> (Thumb, 12 bytes, Stack size 8 bytes, boot.o(i.HardwareInit))
<BR><BR>[Stack]<UL><LI>Max Depth = 84<LI>Call Chain = HardwareInit &rArr; DrvUartInit &rArr; setModuloBaudRate &rArr; __aeabi_uidivmod
</UL>
<BR>[Calls]<UL><LI><a href="#[4a]">&gt;&gt;</a>&nbsp;&nbsp;&nbsp;DrvUartInit
<LI><a href="#[47]">&gt;&gt;</a>&nbsp;&nbsp;&nbsp;DrvTimerInit
</UL>
<BR>[Called By]<UL><LI><a href="#[26]">&gt;&gt;</a>&nbsp;&nbsp;&nbsp;main
</UL>

<P><STRONG><a name="[44]"></a>JumpToApplication</STRONG> (Thumb, 48 bytes, Stack size 16 bytes, system.o(i.JumpToApplication))
<BR><BR>[Stack]<UL><LI>Max Depth = 24<LI>Call Chain = JumpToApplication &rArr; DrvUartDeinit
</UL>
<BR>[Calls]<UL><LI><a href="#[52]">&gt;&gt;</a>&nbsp;&nbsp;&nbsp;DrvUartDeinit
<LI><a href="#[51]">&gt;&gt;</a>&nbsp;&nbsp;&nbsp;DrvTimerDeinit
</UL>
<BR>[Called By]<UL><LI><a href="#[42]">&gt;&gt;</a>&nbsp;&nbsp;&nbsp;BootInit
</UL>

<P><STRONG><a name="[13]"></a>LPUART1_IRQHandler</STRONG> (Thumb, 14 bytes, Stack size 8 bytes, drvuart.o(i.LPUART1_IRQHandler))
<BR><BR>[Stack]<UL><LI>Max Depth = 16<LI>Call Chain = LPUART1_IRQHandler &rArr; ZkPtlLowlevelRecCh
</UL>
<BR>[Calls]<UL><LI><a href="#[53]">&gt;&gt;</a>&nbsp;&nbsp;&nbsp;ZkPtlLowlevelRecCh
</UL>
<BR>[Address Reference Count : 1]<UL><LI> startup_mke16z4.o(RESET)
</UL>
<P><STRONG><a name="[23]"></a>PWT_LPTMR0_IRQHandler</STRONG> (Thumb, 24 bytes, Stack size 0 bytes, drvtimer.o(i.PWT_LPTMR0_IRQHandler))
<BR>[Address Reference Count : 1]<UL><LI> startup_mke16z4.o(RESET)
</UL>
<P><STRONG><a name="[48]"></a>PeripheralClockEnable</STRONG> (Thumb, 22 bytes, Stack size 0 bytes, system.o(i.PeripheralClockEnable))
<BR><BR>[Called By]<UL><LI><a href="#[4a]">&gt;&gt;</a>&nbsp;&nbsp;&nbsp;DrvUartInit
<LI><a href="#[47]">&gt;&gt;</a>&nbsp;&nbsp;&nbsp;DrvTimerInit
</UL>

<P><STRONG><a name="[4c]"></a>PeripheralClockSrcSelect</STRONG> (Thumb, 60 bytes, Stack size 12 bytes, system.o(i.PeripheralClockSrcSelect))
<BR><BR>[Stack]<UL><LI>Max Depth = 12<LI>Call Chain = PeripheralClockSrcSelect
</UL>
<BR>[Called By]<UL><LI><a href="#[4a]">&gt;&gt;</a>&nbsp;&nbsp;&nbsp;DrvUartInit
</UL>

<P><STRONG><a name="[41]"></a>SoftTagInfoHandle</STRONG> (Thumb, 42 bytes, Stack size 8 bytes, softtaginfo.o(i.SoftTagInfoHandle))
<BR><BR>[Stack]<UL><LI>Max Depth = 72<LI>Call Chain = SoftTagInfoHandle &rArr; ZkPtlSetFrameData &rArr; ZkPtlLowlevelSendData &rArr; ZkPtlTransformFrame
</UL>
<BR>[Calls]<UL><LI><a href="#[34]">&gt;&gt;</a>&nbsp;&nbsp;&nbsp;ZkPtlCopyFrameData
<LI><a href="#[38]">&gt;&gt;</a>&nbsp;&nbsp;&nbsp;ZkPtlSetFrameData
</UL>
<BR>[Called By]<UL><LI><a href="#[3e]">&gt;&gt;</a>&nbsp;&nbsp;&nbsp;BootHandle
</UL>

<P><STRONG><a name="[54]"></a>SoftwareInit</STRONG> (Thumb, 14 bytes, Stack size 8 bytes, boot.o(i.SoftwareInit))
<BR><BR>[Stack]<UL><LI>Max Depth = 68<LI>Call Chain = SoftwareInit &rArr; BootInit &rArr; FixConfigModify &rArr; ZkMemCpy
</UL>
<BR>[Calls]<UL><LI><a href="#[55]">&gt;&gt;</a>&nbsp;&nbsp;&nbsp;ZkPtlInit
<LI><a href="#[42]">&gt;&gt;</a>&nbsp;&nbsp;&nbsp;BootInit
</UL>
<BR>[Called By]<UL><LI><a href="#[26]">&gt;&gt;</a>&nbsp;&nbsp;&nbsp;main
</UL>

<P><STRONG><a name="[57]"></a>SysFircClkInit</STRONG> (Thumb, 100 bytes, Stack size 8 bytes, system.o(i.SysFircClkInit))
<BR><BR>[Stack]<UL><LI>Max Depth = 8<LI>Call Chain = SysFircClkInit
</UL>
<BR>[Called By]<UL><LI><a href="#[27]">&gt;&gt;</a>&nbsp;&nbsp;&nbsp;SystemSetup
</UL>

<P><STRONG><a name="[56]"></a>SysSircClkInit</STRONG> (Thumb, 92 bytes, Stack size 0 bytes, system.o(i.SysSircClkInit))
<BR><BR>[Called By]<UL><LI><a href="#[27]">&gt;&gt;</a>&nbsp;&nbsp;&nbsp;SystemSetup
</UL>

<P><STRONG><a name="[27]"></a>SystemSetup</STRONG> (Thumb, 158 bytes, Stack size 8 bytes, system.o(i.SystemSetup))
<BR><BR>[Stack]<UL><LI>Max Depth = 16<LI>Call Chain = SystemSetup &rArr; SysFircClkInit
</UL>
<BR>[Calls]<UL><LI><a href="#[56]">&gt;&gt;</a>&nbsp;&nbsp;&nbsp;SysSircClkInit
<LI><a href="#[57]">&gt;&gt;</a>&nbsp;&nbsp;&nbsp;SysFircClkInit
</UL>
<BR>[Address Reference Count : 1]<UL><LI> startup_mke16z4.o(.text)
</UL>
<P><STRONG><a name="[4f]"></a>ZkChkVrifi</STRONG> (Thumb, 54 bytes, Stack size 12 bytes, boot.o(i.ZkChkVrifi))
<BR><BR>[Stack]<UL><LI>Max Depth = 12<LI>Call Chain = ZkChkVrifi
</UL>
<BR>[Called By]<UL><LI><a href="#[43]">&gt;&gt;</a>&nbsp;&nbsp;&nbsp;FactoryInitializationCheck
</UL>

<P><STRONG><a name="[35]"></a>ZkMemCpy</STRONG> (Thumb, 28 bytes, Stack size 20 bytes, zkptllowlevel.o(i.ZkMemCpy))
<BR><BR>[Stack]<UL><LI>Max Depth = 20<LI>Call Chain = ZkMemCpy
</UL>
<BR>[Called By]<UL><LI><a href="#[5e]">&gt;&gt;</a>&nbsp;&nbsp;&nbsp;ZkPtlLowlevelSendData
<LI><a href="#[34]">&gt;&gt;</a>&nbsp;&nbsp;&nbsp;ZkPtlCopyFrameData
<LI><a href="#[3c]">&gt;&gt;</a>&nbsp;&nbsp;&nbsp;FixConfigModify
<LI><a href="#[3b]">&gt;&gt;</a>&nbsp;&nbsp;&nbsp;AppUpgradeHandle
<LI><a href="#[33]">&gt;&gt;</a>&nbsp;&nbsp;&nbsp;AppConfigHandle
<LI><a href="#[42]">&gt;&gt;</a>&nbsp;&nbsp;&nbsp;BootInit
</UL>

<P><STRONG><a name="[34]"></a>ZkPtlCopyFrameData</STRONG> (Thumb, 50 bytes, Stack size 16 bytes, zkptl.o(i.ZkPtlCopyFrameData))
<BR><BR>[Stack]<UL><LI>Max Depth = 36<LI>Call Chain = ZkPtlCopyFrameData &rArr; ZkMemCpy
</UL>
<BR>[Calls]<UL><LI><a href="#[58]">&gt;&gt;</a>&nbsp;&nbsp;&nbsp;ZkPtlGetFrameDatLen
<LI><a href="#[35]">&gt;&gt;</a>&nbsp;&nbsp;&nbsp;ZkMemCpy
</UL>
<BR>[Called By]<UL><LI><a href="#[41]">&gt;&gt;</a>&nbsp;&nbsp;&nbsp;SoftTagInfoHandle
<LI><a href="#[3b]">&gt;&gt;</a>&nbsp;&nbsp;&nbsp;AppUpgradeHandle
<LI><a href="#[33]">&gt;&gt;</a>&nbsp;&nbsp;&nbsp;AppConfigHandle
</UL>

<P><STRONG><a name="[58]"></a>ZkPtlGetFrameDatLen</STRONG> (Thumb, 50 bytes, Stack size 4 bytes, zkptl.o(i.ZkPtlGetFrameDatLen))
<BR><BR>[Stack]<UL><LI>Max Depth = 12<LI>Call Chain = ZkPtlGetFrameDatLen &rArr; __ARM_common_switch8
</UL>
<BR>[Calls]<UL><LI><a href="#[59]">&gt;&gt;</a>&nbsp;&nbsp;&nbsp;__ARM_common_switch8
</UL>
<BR>[Called By]<UL><LI><a href="#[34]">&gt;&gt;</a>&nbsp;&nbsp;&nbsp;ZkPtlCopyFrameData
<LI><a href="#[38]">&gt;&gt;</a>&nbsp;&nbsp;&nbsp;ZkPtlSetFrameData
</UL>

<P><STRONG><a name="[5a]"></a>ZkPtlGetLowlevelFrame</STRONG> (Thumb, 112 bytes, Stack size 16 bytes, zkptllowlevel.o(i.ZkPtlGetLowlevelFrame))
<BR><BR>[Stack]<UL><LI>Max Depth = 36<LI>Call Chain = ZkPtlGetLowlevelFrame &rArr; ZkPtlRecoverFrame
</UL>
<BR>[Calls]<UL><LI><a href="#[5c]">&gt;&gt;</a>&nbsp;&nbsp;&nbsp;ZkPtltVerify
<LI><a href="#[5b]">&gt;&gt;</a>&nbsp;&nbsp;&nbsp;ZkPtlRecoverFrame
</UL>
<BR>[Called By]<UL><LI><a href="#[40]">&gt;&gt;</a>&nbsp;&nbsp;&nbsp;ZkPtlMonitor
</UL>

<P><STRONG><a name="[60]"></a>ZkPtlHwSendData</STRONG> (Thumb, 42 bytes, Stack size 12 bytes, drvuart.o(i.ZkPtlHwSendData))
<BR><BR>[Stack]<UL><LI>Max Depth = 12<LI>Call Chain = ZkPtlHwSendData
</UL>
<BR>[Called By]<UL><LI><a href="#[5e]">&gt;&gt;</a>&nbsp;&nbsp;&nbsp;ZkPtlLowlevelSendData
</UL>

<P><STRONG><a name="[55]"></a>ZkPtlInit</STRONG> (Thumb, 14 bytes, Stack size 8 bytes, zkptl.o(i.ZkPtlInit))
<BR><BR>[Stack]<UL><LI>Max Depth = 8<LI>Call Chain = ZkPtlInit
</UL>
<BR>[Calls]<UL><LI><a href="#[5d]">&gt;&gt;</a>&nbsp;&nbsp;&nbsp;ZkPtlLowlevelInit
</UL>
<BR>[Called By]<UL><LI><a href="#[54]">&gt;&gt;</a>&nbsp;&nbsp;&nbsp;SoftwareInit
</UL>

<P><STRONG><a name="[5d]"></a>ZkPtlLowlevelInit</STRONG> (Thumb, 20 bytes, Stack size 0 bytes, zkptllowlevel.o(i.ZkPtlLowlevelInit))
<BR><BR>[Called By]<UL><LI><a href="#[55]">&gt;&gt;</a>&nbsp;&nbsp;&nbsp;ZkPtlInit
</UL>

<P><STRONG><a name="[53]"></a>ZkPtlLowlevelRecCh</STRONG> (Thumb, 166 bytes, Stack size 8 bytes, zkptllowlevel.o(i.ZkPtlLowlevelRecCh))
<BR><BR>[Stack]<UL><LI>Max Depth = 8<LI>Call Chain = ZkPtlLowlevelRecCh
</UL>
<BR>[Called By]<UL><LI><a href="#[13]">&gt;&gt;</a>&nbsp;&nbsp;&nbsp;LPUART1_IRQHandler
</UL>

<P><STRONG><a name="[5e]"></a>ZkPtlLowlevelSendData</STRONG> (Thumb, 82 bytes, Stack size 24 bytes, zkptllowlevel.o(i.ZkPtlLowlevelSendData))
<BR><BR>[Stack]<UL><LI>Max Depth = 48<LI>Call Chain = ZkPtlLowlevelSendData &rArr; ZkPtlTransformFrame
</UL>
<BR>[Calls]<UL><LI><a href="#[5c]">&gt;&gt;</a>&nbsp;&nbsp;&nbsp;ZkPtltVerify
<LI><a href="#[5f]">&gt;&gt;</a>&nbsp;&nbsp;&nbsp;ZkPtlTransformFrame
<LI><a href="#[60]">&gt;&gt;</a>&nbsp;&nbsp;&nbsp;ZkPtlHwSendData
<LI><a href="#[35]">&gt;&gt;</a>&nbsp;&nbsp;&nbsp;ZkMemCpy
</UL>
<BR>[Called By]<UL><LI><a href="#[38]">&gt;&gt;</a>&nbsp;&nbsp;&nbsp;ZkPtlSetFrameData
</UL>

<P><STRONG><a name="[40]"></a>ZkPtlMonitor</STRONG> (Thumb, 44 bytes, Stack size 8 bytes, zkptl.o(i.ZkPtlMonitor))
<BR><BR>[Stack]<UL><LI>Max Depth = 44<LI>Call Chain = ZkPtlMonitor &rArr; ZkPtlGetLowlevelFrame &rArr; ZkPtlRecoverFrame
</UL>
<BR>[Calls]<UL><LI><a href="#[5a]">&gt;&gt;</a>&nbsp;&nbsp;&nbsp;ZkPtlGetLowlevelFrame
</UL>
<BR>[Called By]<UL><LI><a href="#[3e]">&gt;&gt;</a>&nbsp;&nbsp;&nbsp;BootHandle
</UL>

<P><STRONG><a name="[5b]"></a>ZkPtlRecoverFrame</STRONG> (Thumb, 100 bytes, Stack size 20 bytes, zkptllowlevel.o(i.ZkPtlRecoverFrame))
<BR><BR>[Stack]<UL><LI>Max Depth = 20<LI>Call Chain = ZkPtlRecoverFrame
</UL>
<BR>[Called By]<UL><LI><a href="#[5a]">&gt;&gt;</a>&nbsp;&nbsp;&nbsp;ZkPtlGetLowlevelFrame
</UL>

<P><STRONG><a name="[38]"></a>ZkPtlSetFrameData</STRONG> (Thumb, 36 bytes, Stack size 16 bytes, zkptl.o(i.ZkPtlSetFrameData))
<BR><BR>[Stack]<UL><LI>Max Depth = 64<LI>Call Chain = ZkPtlSetFrameData &rArr; ZkPtlLowlevelSendData &rArr; ZkPtlTransformFrame
</UL>
<BR>[Calls]<UL><LI><a href="#[5e]">&gt;&gt;</a>&nbsp;&nbsp;&nbsp;ZkPtlLowlevelSendData
<LI><a href="#[58]">&gt;&gt;</a>&nbsp;&nbsp;&nbsp;ZkPtlGetFrameDatLen
</UL>
<BR>[Called By]<UL><LI><a href="#[41]">&gt;&gt;</a>&nbsp;&nbsp;&nbsp;SoftTagInfoHandle
<LI><a href="#[3b]">&gt;&gt;</a>&nbsp;&nbsp;&nbsp;AppUpgradeHandle
<LI><a href="#[33]">&gt;&gt;</a>&nbsp;&nbsp;&nbsp;AppConfigHandle
<LI><a href="#[3f]">&gt;&gt;</a>&nbsp;&nbsp;&nbsp;BootReportProgramError
</UL>

<P><STRONG><a name="[5f]"></a>ZkPtlTransformFrame</STRONG> (Thumb, 120 bytes, Stack size 24 bytes, zkptllowlevel.o(i.ZkPtlTransformFrame))
<BR><BR>[Stack]<UL><LI>Max Depth = 24<LI>Call Chain = ZkPtlTransformFrame
</UL>
<BR>[Called By]<UL><LI><a href="#[5e]">&gt;&gt;</a>&nbsp;&nbsp;&nbsp;ZkPtlLowlevelSendData
</UL>

<P><STRONG><a name="[5c]"></a>ZkPtltVerify</STRONG> (Thumb, 28 bytes, Stack size 8 bytes, zkptllowlevel.o(i.ZkPtltVerify))
<BR><BR>[Stack]<UL><LI>Max Depth = 8<LI>Call Chain = ZkPtltVerify
</UL>
<BR>[Called By]<UL><LI><a href="#[5e]">&gt;&gt;</a>&nbsp;&nbsp;&nbsp;ZkPtlLowlevelSendData
<LI><a href="#[5a]">&gt;&gt;</a>&nbsp;&nbsp;&nbsp;ZkPtlGetLowlevelFrame
</UL>

<P><STRONG><a name="[59]"></a>__ARM_common_switch8</STRONG> (Thumb, 28 bytes, Stack size 8 bytes, zkptl.o(i.__ARM_common_switch8))
<BR><BR>[Stack]<UL><LI>Max Depth = 8<LI>Call Chain = __ARM_common_switch8
</UL>
<BR>[Called By]<UL><LI><a href="#[58]">&gt;&gt;</a>&nbsp;&nbsp;&nbsp;ZkPtlGetFrameDatLen
</UL>

<P><STRONG><a name="[6a]"></a>__scatterload_copy</STRONG> (Thumb, 14 bytes, Stack size unknown bytes, handlers.o(i.__scatterload_copy), UNUSED)

<P><STRONG><a name="[6b]"></a>__scatterload_null</STRONG> (Thumb, 2 bytes, Stack size unknown bytes, handlers.o(i.__scatterload_null), UNUSED)

<P><STRONG><a name="[6c]"></a>__scatterload_zeroinit</STRONG> (Thumb, 14 bytes, Stack size unknown bytes, handlers.o(i.__scatterload_zeroinit), UNUSED)

<P><STRONG><a name="[26]"></a>main</STRONG> (Thumb, 16 bytes, Stack size 0 bytes, main.o(i.main))
<BR><BR>[Stack]<UL><LI>Max Depth = 152<LI>Call Chain = main &rArr; BootHandle &rArr; AppUpgradeHandle &rArr; ZkPtlSetFrameData &rArr; ZkPtlLowlevelSendData &rArr; ZkPtlTransformFrame
</UL>
<BR>[Calls]<UL><LI><a href="#[54]">&gt;&gt;</a>&nbsp;&nbsp;&nbsp;SoftwareInit
<LI><a href="#[50]">&gt;&gt;</a>&nbsp;&nbsp;&nbsp;HardwareInit
<LI><a href="#[3e]">&gt;&gt;</a>&nbsp;&nbsp;&nbsp;BootHandle
</UL>
<BR>[Address Reference Count : 1]<UL><LI> entry9a.o(.ARM.Collect$$$$0000000B)
</UL>
<P><STRONG><a name="[4d]"></a>setModuloBaudRate</STRONG> (Thumb, 240 bytes, Stack size 56 bytes, drvuart.o(i.setModuloBaudRate))
<BR><BR>[Stack]<UL><LI>Max Depth = 68<LI>Call Chain = setModuloBaudRate &rArr; __aeabi_uidivmod
</UL>
<BR>[Calls]<UL><LI><a href="#[61]">&gt;&gt;</a>&nbsp;&nbsp;&nbsp;__aeabi_uidivmod
</UL>
<BR>[Called By]<UL><LI><a href="#[4a]">&gt;&gt;</a>&nbsp;&nbsp;&nbsp;DrvUartInit
</UL>
<P>
<H3>
Local Symbols
</H3>
<P><STRONG><a name="[49]"></a>__NVIC_SetPriority</STRONG> (Thumb, 110 bytes, Stack size 8 bytes, drvtimer.o(i.__NVIC_SetPriority))
<BR><BR>[Stack]<UL><LI>Max Depth = 8<LI>Call Chain = __NVIC_SetPriority
</UL>
<BR>[Called By]<UL><LI><a href="#[47]">&gt;&gt;</a>&nbsp;&nbsp;&nbsp;DrvTimerInit
</UL>

<P><STRONG><a name="[4e]"></a>__NVIC_SetPriority</STRONG> (Thumb, 110 bytes, Stack size 8 bytes, drvuart.o(i.__NVIC_SetPriority))
<BR><BR>[Stack]<UL><LI>Max Depth = 8<LI>Call Chain = __NVIC_SetPriority
</UL>
<BR>[Called By]<UL><LI><a href="#[4a]">&gt;&gt;</a>&nbsp;&nbsp;&nbsp;DrvUartInit
</UL>
<P>
<H3>
Undefined Global Symbols
</H3><HR></body></html>
