<html>
<body>
<pre>
<h1>µVision Build Log</h1>
<h2>Tool Versions:</h2>
IDE-Version: ¦ÌVision V5.23.0.0
Copyright (C) 2017 ARM Ltd and ARM Germany GmbH. All rights reserved.
License Information: fsa fsa, fsa, LIC=4ZLZ9-4XSUH-ZE1H2-9UTQH-T95MU-FUG4W
 
Tool Versions:
Toolchain:       MDK-ARM Professional  Version: 5.23
Toolchain Path:  E:\WindowApp\Keil_v5\ARM\ARMCC\Bin
C Compiler:      Armcc.exe V5.06 update 4 (build 422)
Assembler:       Armasm.exe V5.06 update 4 (build 422)
Linker/Locator:  ArmLink.exe V5.06 update 4 (build 422)
Library Manager: ArmAr.exe V5.06 update 4 (build 422)
Hex Converter:   FromElf.exe V5.06 update 4 (build 422)
CPU DLL:         SARMCM3.DLL V5.23
Dialog DLL:      DARMCM1.DLL V1.17.0.0
Target DLL:      CMSIS_AGDI.dll V1.27.5.0
Dialog DLL:      TARMCM1.DLL V1.12.0.0
 
<h2>Project:</h2>
D:\1-Project\02-Platform\NXP\MKE16Z32VLD4\NxpMKE16\Bootloader\IDE\MDK\MKE16.uvprojx
Project File Date:  11/18/2019

<h2>Output:</h2>
*** Using Compiler 'V5.06 update 4 (build 422)', folder: 'E:\WindowApp\Keil_v5\ARM\ARMCC\Bin'
Rebuild target 'Bootloader'
assembling startup_MKE16Z4.s...
compiling Boot.c...
compiling BootTag.c...
compiling main.c...
compiling SoftTagInfo.c...
compiling AppConfig.c...
compiling DrvUart.c...
compiling DrvGpio.c...
compiling DrvTimer.c...
compiling ZkPtlLowlevel.c...
compiling ZkPtl.c...
compiling System.c...
compiling AppUpgrade.c...
compiling DrvFlash.c...
linking...
Program Size: Code=4568 RO-data=304 RW-data=52 ZI-data=3000  
FromELF: creating hex file...
After Build - User command #1: fromelf.exe --bin --output "D:\1-Project\02-Platform\NXP\MKE16Z32VLD4\NxpMKE16\Bootloader\IDE\MDK\Output\MKE16Bootloader.bin" "D:\1-Project\02-Platform\NXP\MKE16Z32VLD4\NxpMKE16\Bootloader\IDE\MDK\Output\MKE16Bootloader.axf"
".\Output\MKE16Bootloader.axf" - 0 Error(s), 0 Warning(s).

<h2>Collection of Component include folders:</h2>
  .\RTE\_Bootloader
  E:\WindowApp\Keil_v5\ARM\PACK\NXP\MKE16Z4_DFP\11.0.0

<h2>Collection of Component Files used:</h2>
Build Time Elapsed:  00:00:01
</pre>
</body>
</html>
